$ electron-builder
  • electron-builder  version=24.13.3 os=10.0.17763
  • loaded configuration  file=package.json ("build" field)
  • author is missed in the package.json  appPackageFile=C:\Users\kagan\Desktop\PRIMErecorder\package.json
  • "electron-squirrel-startup" dependency is not required for NSIS
  • rebuilding native dependencies  dependencies=better-sqlite3@9.6.0 platform=win32 arch=x64
  • install prebuilt binary  name=better-sqlite3 version=9.6.0 platform=win32 arch=x64 napi=
  • packaging       platform=win32 arch=x64 electron=29.4.6 appOutDir=release\win-unpacked
  ⨯ icon directory C:\Users\kagan\Desktop\PRIMErecorder\resources\icons doesn't contain icons
github.com/develar/app-builder/pkg/icons.CollectIcons
	/Volumes/data/Documents/app-builder/pkg/icons/collect-icons.go:73
github.com/develar/app-builder/pkg/icons.doConvertIcon
	/Volumes/data/Documents/app-builder/pkg/icons/icon-converter.go:191
github.com/develar/app-builder/pkg/icons.ConvertIcon
	/Volumes/data/Documents/app-builder/pkg/icons/icon-converter.go:56
github.com/develar/app-builder/pkg/icons.ConfigureCommand.func1
	/Volumes/data/Documents/app-builder/pkg/icons/icon-converter.go:33
github.com/alecthomas/kingpin.(*actionMixin).applyActions
	/Volumes/data/go/pkg/mod/github.com/alecthomas/kingpin@v2.2.6+incompatible/actions.go:28
github.com/alecthomas/kingpin.(*Application).applyActions
	/Volumes/data/go/pkg/mod/github.com/alecthomas/kingpin@v2.2.6+incompatible/app.go:557
github.com/alecthomas/kingpin.(*Application).execute
	/Volumes/data/go/pkg/mod/github.com/alecthomas/kingpin@v2.2.6+incompatible/app.go:390
github.com/alecthomas/kingpin.(*Application).Parse
	/Volumes/data/go/pkg/mod/github.com/alecthomas/kingpin@v2.2.6+incompatible/app.go:222
main.main
	/Volumes/data/Documents/app-builder/main.go:90
runtime.main
	/usr/local/Cellar/go/1.17/libexec/src/runtime/proc.go:255
runtime.goexit
	/usr/local/Cellar/go/1.17/libexec/src/runtime/asm_amd64.s:1581
github.com/develar/app-builder/pkg/icons.doConvertIcon
	/Volumes/data/Documents/app-builder/pkg/icons/icon-converter.go:193
github.com/develar/app-builder/pkg/icons.ConvertIcon
	/Volumes/data/Documents/app-builder/pkg/icons/icon-converter.go:56
github.com/develar/app-builder/pkg/icons.ConfigureCommand.func1
	/Volumes/data/Documents/app-builder/pkg/icons/icon-converter.go:33
github.com/alecthomas/kingpin.(*actionMixin).applyActions
	/Volumes/data/go/pkg/mod/github.com/alecthomas/kingpin@v2.2.6+incompatible/actions.go:28
github.com/alecthomas/kingpin.(*Application).applyActions
	/Volumes/data/go/pkg/mod/github.com/alecthomas/kingpin@v2.2.6+incompatible/app.go:557
github.com/alecthomas/kingpin.(*Application).execute
	/Volumes/data/go/pkg/mod/github.com/alecthomas/kingpin@v2.2.6+incompatible/app.go:390
github.com/alecthomas/kingpin.(*Application).Parse
	/Volumes/data/go/pkg/mod/github.com/alecthomas/kingpin@v2.2.6+incompatible/app.go:222
main.main
	/Volumes/data/Documents/app-builder/main.go:90
runtime.main
	/usr/local/Cellar/go/1.17/libexec/src/runtime/proc.go:255
runtime.goexit
	/usr/local/Cellar/go/1.17/libexec/src/runtime/asm_amd64.s:1581  
  ⨯ C:\Users\kagan\Desktop\PRIMErecorder\node_modules\.pnpm\app-builder-bin@4.0.0\node_modules\app-builder-bin\win\x64\app-builder.exe process failed ERR_ELECTRON_BUILDER_CANNOT_EXECUTE
Exit code:
1  failedTask=build stackTrace=Error: C:\Users\kagan\Desktop\PRIMErecorder\node_modules\.pnpm\app-builder-bin@4.0.0\node_modules\app-builder-bin\win\x64\app-builder.exe process failed ERR_ELECTRON_BUILDER_CANNOT_EXECUTE
Exit code:
1
    at ChildProcess.<anonymous> (C:\Users\kagan\Desktop\PRIMErecorder\node_modules\.pnpm\builder-util@24.13.1\node_modules\builder-util\src\util.ts:252:14)
    at Object.onceWrapper (node:events:631:26)
    at ChildProcess.emit (node:events:509:28)
    at ChildProcess.cp.emit (C:\Users\kagan\Desktop\PRIMErecorder\node_modules\.pnpm\cross-spawn@7.0.6\node_modules\cross-spawn\lib\enoent.js:34:29)
    at maybeClose (node:internal/child_process:1124:16)
    at Process.ChildProcess._handle.onexit (node:internal/child_process:306:5)
From previous event:
    at processImmediate (node:internal/timers:504:21)
From previous event:
    at WinPackager.signApp (C:\Users\kagan\Desktop\PRIMErecorder\node_modules\.pnpm\app-builder-lib@24.13.3_dmg_50e5e469a2b4af2ece15da687f1a1d18\node_modules\app-builder-lib\src\winPackager.ts:384:27)
    at WinPackager.doSignAfterPack (C:\Users\kagan\Desktop\PRIMErecorder\node_modules\.pnpm\app-builder-lib@24.13.3_dmg_50e5e469a2b4af2ece15da687f1a1d18\node_modules\app-builder-lib\src\platformPackager.ts:336:32)
    at WinPackager.doPack (C:\Users\kagan\Desktop\PRIMErecorder\node_modules\.pnpm\app-builder-lib@24.13.3_dmg_50e5e469a2b4af2ece15da687f1a1d18\node_modules\app-builder-lib\src\platformPackager.ts:321:7)
    at WinPackager.pack (C:\Users\kagan\Desktop\PRIMErecorder\node_modules\.pnpm\app-builder-lib@24.13.3_dmg_50e5e469a2b4af2ece15da687f1a1d18\node_modules\app-builder-lib\src\platformPackager.ts:140:5)
    at Packager.doBuild (C:\Users\kagan\Desktop\PRIMErecorder\node_modules\.pnpm\app-builder-lib@24.13.3_dmg_50e5e469a2b4af2ece15da687f1a1d18\node_modules\app-builder-lib\src\packager.ts:445:9)
    at executeFinally (C:\Users\kagan\Desktop\PRIMErecorder\node_modules\.pnpm\builder-util@24.13.1\node_modules\builder-util\src\promise.ts:12:14)
    at Packager._build (C:\Users\kagan\Desktop\PRIMErecorder\node_modules\.pnpm\app-builder-lib@24.13.3_dmg_50e5e469a2b4af2ece15da687f1a1d18\node_modules\app-builder-lib\src\packager.ts:379:31)
    at Packager.build (C:\Users\kagan\Desktop\PRIMErecorder\node_modules\.pnpm\app-builder-lib@24.13.3_dmg_50e5e469a2b4af2ece15da687f1a1d18\node_modules\app-builder-lib\src\packager.ts:340:12)
    at executeFinally (C:\Users\kagan\Desktop\PRIMErecorder\node_modules\.pnpm\builder-util@24.13.1\node_modules\builder-util\src\promise.ts:12:14)
[ELIFECYCLE] Command failed with exit code 1.
